
bhosa@VIVEK-BHOSALE MINGW64 ~ (master|SPARSE)
$ git
usage: git [-v | --version] [-h | --help] [-C <path>] [-c <name>=<value>]
           [--exec-path[=<path>]] [--html-path] [--man-path] [--info-path]
           [-p | --paginate | -P | --no-pager] [--no-replace-objects] [--bare]
           [--git-dir=<path>] [--work-tree=<path>] [--namespace=<name>]
           [--super-prefix=<path>] [--config-env=<name>=<envvar>]
           <command> [<args>]

These are common Git commands used in various situations:

start a working area (see also: git help tutorial)
   clone     Clone a repository into a new directory
   init      Create an empty Git repository or reinitialize an existing one

work on the current change (see also: git help everyday)
   add       Add file contents to the index
   mv        Move or rename a file, a directory, or a symlink
   restore   Restore working tree files
   rm        Remove files from the working tree and from the index

examine the history and state (see also: git help revisions)
   bisect    Use binary search to find the commit that introduced a bug
   diff      Show changes between commits, commit and working tree, etc
   grep      Print lines matching a pattern
   log       Show commit logs
   show      Show various types of objects
   status    Show the working tree status

grow, mark and tweak your common history
   branch    List, create, or delete branches
   commit    Record changes to the repository
   merge     Join two or more development histories together
   rebase    Reapply commits on top of another base tip
   reset     Reset current HEAD to the specified state
   switch    Switch branches
   tag       Create, list, delete or verify a tag object signed with GPG

collaborate (see also: git help workflows)
   fetch     Download objects and refs from another repository
   pull      Fetch from and integrate with another repository or a local branch
   push      Update remote refs along with associated objects

'git help -a' and 'git help -g' list available subcommands and some
concept guides. See 'git help <command>' or 'git help <concept>'
to read about a specific subcommand or concept.
See 'git help git' for an overview of the system.

bhosa@VIVEK-BHOSALE MINGW64 ~ (master|SPARSE)
$ cd C:\Users\bhosa\git-course
bash: cd: C:Usersbhosagit-course: No such file or directory

bhosa@VIVEK-BHOSALE MINGW64 ~ (master|SPARSE)
$ ls
 -1.14-windows.xml
 AppData/
'Application Data'@
 Chat/
 Contacts/
 Cookies@
'Creative Cloud Files'/
 Documents/
 Downloads/
 Dropbox/
 Favorites/
 FirstProject/
 IdeaProjects/
 Input
 Jedi/
 Links/
'Local Settings'@
 Microsoft/
 Music/
'My Documents'@
 NTUSER.DAT
 NTUSER.DAT{a2332f18-cdbf-11ec-8680-002248483d79}.TM.blf
 NTUSER.DAT{a2332f18-cdbf-11ec-8680-002248483d79}.TMContainer00000000000000000001.regtrans-ms
 NTUSER.DAT{a2332f18-cdbf-11ec-8680-002248483d79}.TMContainer00000000000000000002.regtrans-ms
 NetHood@
 OneDrive/
 Postman/
 PrintHood@
 PycharmProjects/
 Recent@
'Saved Games'/
 Searches/
 SendTo@
'Start Menu'@
 Templates@
 Tkinter-Designer/
 Untitled.ipynb
 Videos/
 ansel/
 dataWrangling1.py
 delete
 eclipse/
 eclipse-workspace/
 figma/
 git-course/
 npm-cache/
 ntuser.dat.LOG1
 ntuser.dat.LOG2
 ntuser.ini
 opcode
 scikit_learn_data/
 source/

bhosa@VIVEK-BHOSALE MINGW64 ~ (master|SPARSE)
$ cd ^C

bhosa@VIVEK-BHOSALE MINGW64 ~ (master|SPARSE)
$ cd  git-course/

bhosa@VIVEK-BHOSALE MINGW64 ~/git-course (main)
$ ls
README.md  UserService.txt

bhosa@VIVEK-BHOSALE MINGW64 ~/git-course (main)
$ mkdir project

bhosa@VIVEK-BHOSALE MINGW64 ~/git-course (main)
$ cd project

bhosa@VIVEK-BHOSALE MINGW64 ~/git-course/project (main)
$ git init
Initialized empty Git repository in C:/Users/bhosa/git-course/project/.git/

bhosa@VIVEK-BHOSALE MINGW64 ~/git-course/project (master)
$ ls -a
./  ../  .git/

bhosa@VIVEK-BHOSALE MINGW64 ~/git-course/project (master)
$ ls .git
HEAD    description  info/     refs/
config  hooks/       objects/

bhosa@VIVEK-BHOSALE MINGW64 ~/git-course/project (master)
$ touch names.txt

bhosa@VIVEK-BHOSALE MINGW64 ~/git-course/project (master)
$ ls
names.txt

bhosa@VIVEK-BHOSALE MINGW64 ~/git-course/project (master)
$ git status
On branch master

No commits yet

Untracked files:
  (use "git add <file>..." to include in what will be committed)
        names.txt

nothing added to commit but untracked files present (use "git add" to track)

bhosa@VIVEK-BHOSALE MINGW64 ~/git-course/project (master)
$ git add namess.txt
fatal: pathspec 'namess.txt' did not match any files

bhosa@VIVEK-BHOSALE MINGW64 ~/git-course/project (master)
$ git add names.txt

bhosa@VIVEK-BHOSALE MINGW64 ~/git-course/project (master)
$ git status
On branch master

No commits yet

Changes to be committed:
  (use "git rm --cached <file>..." to unstage)
        new file:   names.txt


bhosa@VIVEK-BHOSALE MINGW64 ~/git-course/project (master)
$ git commit -m "names.txt file added"
[master (root-commit) 3f0545e] names.txt file added
 1 file changed, 0 insertions(+), 0 deletions(-)
 create mode 100644 names.txt

bhosa@VIVEK-BHOSALE MINGW64 ~/git-course/project (master)
$ git status
On branch master
nothing to commit, working tree clean

bhosa@VIVEK-BHOSALE MINGW64 ~/git-course/project (master)
$ vi  names.txt

bhosa@VIVEK-BHOSALE MINGW64 ~/git-course/project (master)
$ cat names.txt
Vivek Bhosale
Vishal Bhosale

bhosa@VIVEK-BHOSALE MINGW64 ~/git-course/project (master)
$ git status
On branch master
Changes not staged for commit:
  (use "git add <file>..." to update what will be committed)
  (use "git restore <file>..." to discard changes in working directory)
        modified:   names.txt

no changes added to commit (use "git add" and/or "git commit -a")

bhosa@VIVEK-BHOSALE MINGW64 ~/git-course/project (master)
$ git add ,
fatal: pathspec ',' did not match any files

bhosa@VIVEK-BHOSALE MINGW64 ~/git-course/project (master)
$ git add .
warning: in the working copy of 'names.txt', LF will be replaced by CRLF the next time Git touches it

bhosa@VIVEK-BHOSALE MINGW64 ~/git-course/project (master)
$ git status
On branch master
Changes to be committed:
  (use "git restore --staged <file>..." to unstage)
        modified:   names.txt


bhosa@VIVEK-BHOSALE MINGW64 ~/git-course/project (master)
$ git restore --staged names.txt

bhosa@VIVEK-BHOSALE MINGW64 ~/git-course/project (master)
$ git status
On branch master
Changes not staged for commit:
  (use "git add <file>..." to update what will be committed)
  (use "git restore <file>..." to discard changes in working directory)
        modified:   names.txt

no changes added to commit (use "git add" and/or "git commit -a")

bhosa@VIVEK-BHOSALE MINGW64 ~/git-course/project (master)
$ git add names.txt
warning: in the working copy of 'names.txt', LF will be replaced by CRLF the next time Git touches it

bhosa@VIVEK-BHOSALE MINGW64 ~/git-course/project (master)
$ git commit -m "names.txt file modified"
[master 23f030b] names.txt file modified
 1 file changed, 2 insertions(+)

bhosa@VIVEK-BHOSALE MINGW64 ~/git-course/project (master)
$ git log
commit 23f030b14b0fc50b942c6fa77dd8c5897c5f0e39 (HEAD -> master)
Author: Vivek Bhosale <135112044+bhosalevivek04@users.noreply.github.com>
Date:   Sat Jun 8 10:01:46 2024 +0530

    names.txt file modified

commit 3f0545e45ab3bd4753f61cf2da25a31ccff9ac66
Author: Vivek Bhosale <135112044+bhosalevivek04@users.noreply.github.com>
Date:   Sat Jun 8 09:39:27 2024 +0530

    names.txt file added

bhosa@VIVEK-BHOSALE MINGW64 ~/git-course/project (master)
$ rm -rf names.txt

bhosa@VIVEK-BHOSALE MINGW64 ~/git-course/project (master)
$ git status
On branch master
Changes not staged for commit:
  (use "git add/rm <file>..." to update what will be committed)
  (use "git restore <file>..." to discard changes in working directory)
        deleted:    names.txt

no changes added to commit (use "git add" and/or "git commit -a")

bhosa@VIVEK-BHOSALE MINGW64 ~/git-course/project (master)
$ git add .

bhosa@VIVEK-BHOSALE MINGW64 ~/git-course/project (master)
$ git commit -m "names.txt file deleted"
[master bc7f267] names.txt file deleted
 1 file changed, 2 deletions(-)
 delete mode 100644 names.txt

bhosa@VIVEK-BHOSALE MINGW64 ~/git-course/project (master)
$ git status
On branch master
nothing to commit, working tree clean

bhosa@VIVEK-BHOSALE MINGW64 ~/git-course/project (master)
$ ls

bhosa@VIVEK-BHOSALE MINGW64 ~/git-course/project (master)
$ git log
commit bc7f267ae96e9ba0025211749707eafe338566af (HEAD -> master)
Author: Vivek Bhosale <135112044+bhosalevivek04@users.noreply.github.com>
Date:   Sat Jun 8 10:05:45 2024 +0530

    names.txt file deleted

commit 23f030b14b0fc50b942c6fa77dd8c5897c5f0e39
Author: Vivek Bhosale <135112044+bhosalevivek04@users.noreply.github.com>
Date:   Sat Jun 8 10:01:46 2024 +0530

    names.txt file modified

commit 3f0545e45ab3bd4753f61cf2da25a31ccff9ac66
Author: Vivek Bhosale <135112044+bhosalevivek04@users.noreply.github.com>
Date:   Sat Jun 8 09:39:27 2024 +0530

    names.txt file added

bhosa@VIVEK-BHOSALE MINGW64 ~/git-course/project (master)
$ git reset ^C

bhosa@VIVEK-BHOSALE MINGW64 ~/git-course/project (master)
$ git reset 23f030b14b0fc50b942c6fa77dd8c5897c5f0e39
Unstaged changes after reset:
D       names.txt

bhosa@VIVEK-BHOSALE MINGW64 ~/git-course/project (master)
$ git log
commit 23f030b14b0fc50b942c6fa77dd8c5897c5f0e39 (HEAD -> master)
Author: Vivek Bhosale <135112044+bhosalevivek04@users.noreply.github.com>
Date:   Sat Jun 8 10:01:46 2024 +0530

    names.txt file modified

commit 3f0545e45ab3bd4753f61cf2da25a31ccff9ac66
Author: Vivek Bhosale <135112044+bhosalevivek04@users.noreply.github.com>
Date:   Sat Jun 8 09:39:27 2024 +0530

    names.txt file added

bhosa@VIVEK-BHOSALE MINGW64 ~/git-course/project (master)
$ git status
On branch master
Changes not staged for commit:
  (use "git add/rm <file>..." to update what will be committed)
  (use "git restore <file>..." to discard changes in working directory)
        deleted:    names.txt

no changes added to commit (use "git add" and/or "git commit -a")

bhosa@VIVEK-BHOSALE MINGW64 ~/git-course/project (master)
$ git add .

bhosa@VIVEK-BHOSALE MINGW64 ~/git-course/project (master)
$ git status
On branch master
Changes to be committed:
  (use "git restore --staged <file>..." to unstage)
        deleted:    names.txt


bhosa@VIVEK-BHOSALE MINGW64 ~/git-course/project (master)
$ touch surname.txt

bhosa@VIVEK-BHOSALE MINGW64 ~/git-course/project (master)
$ git add .

bhosa@VIVEK-BHOSALE MINGW64 ~/git-course/project (master)
$ git status
On branch master
Changes to be committed:
  (use "git restore --staged <file>..." to unstage)
        deleted:    names.txt
        new file:   surname.txt


bhosa@VIVEK-BHOSALE MINGW64 ~/git-course/project (master)
$ ls
surname.txt

bhosa@VIVEK-BHOSALE MINGW64 ~/git-course/project (master)
$ vi surname.txt

bhosa@VIVEK-BHOSALE MINGW64 ~/git-course/project (master)
$ touch houses.txt

bhosa@VIVEK-BHOSALE MINGW64 ~/git-course/project (master)
$ git add .
warning: in the working copy of 'surname.txt', LF will be replaced by CRLF the next time Git touches it

bhosa@VIVEK-BHOSALE MINGW64 ~/git-course/project (master)
$ git status
On branch master
Changes to be committed:
  (use "git restore --staged <file>..." to unstage)
        new file:   houses.txt
        deleted:    names.txt
        new file:   surname.txt


bhosa@VIVEK-BHOSALE MINGW64 ~/git-course/project (master)
$ git stash
Saved working directory and index state WIP on master: 23f030b names.txt file modified

bhosa@VIVEK-BHOSALE MINGW64 ~/git-course/project (master)
$ git status
On branch master
nothing to commit, working tree clean

bhosa@VIVEK-BHOSALE MINGW64 ~/git-course/project (master)
$ git log
commit 23f030b14b0fc50b942c6fa77dd8c5897c5f0e39 (HEAD -> master)
Author: Vivek Bhosale <135112044+bhosalevivek04@users.noreply.github.com>
Date:   Sat Jun 8 10:01:46 2024 +0530

    names.txt file modified

commit 3f0545e45ab3bd4753f61cf2da25a31ccff9ac66
Author: Vivek Bhosale <135112044+bhosalevivek04@users.noreply.github.com>
Date:   Sat Jun 8 09:39:27 2024 +0530

    names.txt file added

bhosa@VIVEK-BHOSALE MINGW64 ~/git-course/project (master)
$ cat names.txt
Vivek Bhosale
Vishal Bhosale

bhosa@VIVEK-BHOSALE MINGW64 ~/git-course/project (master)
$ git stash pop
On branch master
Changes to be committed:
  (use "git restore --staged <file>..." to unstage)
        new file:   houses.txt
        new file:   surname.txt

Changes not staged for commit:
  (use "git add/rm <file>..." to update what will be committed)
  (use "git restore <file>..." to discard changes in working directory)
        deleted:    names.txt

Dropped refs/stash@{0} (5f2649a5a8601475e32de76ba5d54c385f3917ca)

bhosa@VIVEK-BHOSALE MINGW64 ~/git-course/project (master)
$ git add .

bhosa@VIVEK-BHOSALE MINGW64 ~/git-course/project (master)
$ git stash
Saved working directory and index state WIP on master: 23f030b names.txt file modified

bhosa@VIVEK-BHOSALE MINGW64 ~/git-course/project (master)
$ git stash clear\
>

bhosa@VIVEK-BHOSALE MINGW64 ~/git-course/project (master)
$ git stash clear

bhosa@VIVEK-BHOSALE MINGW64 ~/git-course/project (master)
$ git stash pop
No stash entries found.

bhosa@VIVEK-BHOSALE MINGW64 ~/git-course/project (master)
$ git remote add origin https://github.com/bhosalevivek04/git-revision.git

bhosa@VIVEK-BHOSALE MINGW64 ~/git-course/project (master)
$ git remote -v
origin  https://github.com/bhosalevivek04/git-revision.git (fetch)
origin  https://github.com/bhosalevivek04/git-revision.git (push)

bhosa@VIVEK-BHOSALE MINGW64 ~/git-course/project (master)
$ git push origin master
Enumerating objects: 6, done.
Counting objects: 100% (6/6), done.
Delta compression using up to 16 threads
Compressing objects: 100% (2/2), done.
Writing objects: 100% (6/6), 441 bytes | 441.00 KiB/s, done.
Total 6 (delta 1), reused 0 (delta 0), pack-reused 0
remote: Resolving deltas: 100% (1/1), done.
To https://github.com/bhosalevivek04/git-revision.git
 * [new branch]      master -> master

bhosa@VIVEK-BHOSALE MINGW64 ~/git-course/project (master)
$ touch surname.txt

bhosa@VIVEK-BHOSALE MINGW64 ~/git-course/project (master)
$ vi surname.txt

bhosa@VIVEK-BHOSALE MINGW64 ~/git-course/project (master)
$ git add .
warning: in the working copy of 'surname.txt', LF will be replaced by CRLF the next time Git touches it

bhosa@VIVEK-BHOSALE MINGW64 ~/git-course/project (master)
$ git status
On branch master
Changes to be committed:
  (use "git restore --staged <file>..." to unstage)
        new file:   surname.txt


bhosa@VIVEK-BHOSALE MINGW64 ~/git-course/project (master)
$ git commit -m "surname file added"
[master 23b2931] surname file added
 1 file changed, 2 insertions(+)
 create mode 100644 surname.txt

bhosa@VIVEK-BHOSALE MINGW64 ~/git-course/project (master)
$ git push origin master
Enumerating objects: 4, done.
Counting objects: 100% (4/4), done.
Delta compression using up to 16 threads
Compressing objects: 100% (2/2), done.
Writing objects: 100% (3/3), 317 bytes | 317.00 KiB/s, done.
Total 3 (delta 0), reused 0 (delta 0), pack-reused 0
To https://github.com/bhosalevivek04/git-revision.git
   23f030b..23b2931  master -> master

bhosa@VIVEK-BHOSALE MINGW64 ~/git-course/project (master)
$ git log
commit 23b2931c5ce69e942c75bcf38b01ad6d1b1f98f5 (HEAD -> master, origin/master)
Author: Vivek Bhosale <135112044+bhosalevivek04@users.noreply.github.com>
Date:   Sat Jun 8 10:48:05 2024 +0530

    surname file added

commit 23f030b14b0fc50b942c6fa77dd8c5897c5f0e39
Author: Vivek Bhosale <135112044+bhosalevivek04@users.noreply.github.com>
Date:   Sat Jun 8 10:01:46 2024 +0530

    names.txt file modified

commit 3f0545e45ab3bd4753f61cf2da25a31ccff9ac66
Author: Vivek Bhosale <135112044+bhosalevivek04@users.noreply.github.com>
Date:   Sat Jun 8 09:39:27 2024 +0530

    names.txt file added

bhosa@VIVEK-BHOSALE MINGW64 ~/git-course/project (master)
$ git clone https://github.com/bhosalevivek04/Github.git
Cloning into 'Github'...
remote: Enumerating objects: 6, done.
remote: Counting objects: 100% (6/6), done.
remote: Compressing objects: 100% (2/2), done.
remote: Total 6 (delta 0), reused 0 (delta 0), pack-reused 0
Receiving objects: 100% (6/6), done.

bhosa@VIVEK-BHOSALE MINGW64 ~/git-course/project (master)
$ ls
Github/  names.txt  surname.txt

bhosa@VIVEK-BHOSALE MINGW64 ~/git-course/project (master)
$ cd Github

bhosa@VIVEK-BHOSALE MINGW64 ~/git-course/project/Github (main)
$ ls
README.md

bhosa@VIVEK-BHOSALE MINGW64 ~/git-course/project/Github (main)
$ vi README.md

bhosa@VIVEK-BHOSALE MINGW64 ~/git-course/project/Github (main)
$ git status
On branch main
Your branch is up to date with 'origin/main'.

Changes not staged for commit:
  (use "git add <file>..." to update what will be committed)
  (use "git restore <file>..." to discard changes in working directory)
        modified:   README.md

no changes added to commit (use "git add" and/or "git commit -a")

bhosa@VIVEK-BHOSALE MINGW64 ~/git-course/project/Github (main)
$ git add .

bhosa@VIVEK-BHOSALE MINGW64 ~/git-course/project/Github (main)
$ git restore
.git/      README.md

bhosa@VIVEK-BHOSALE MINGW64 ~/git-course/project/Github (main)
$ git restore ^C

bhosa@VIVEK-BHOSALE MINGW64 ~/git-course/project/Github (main)
$ git restore  README.md

bhosa@VIVEK-BHOSALE MINGW64 ~/git-course/project/Github (main)
$ git branch vivek

bhosa@VIVEK-BHOSALE MINGW64 ~/git-course/project/Github (main)
$ git checkout vivek
Switched to branch 'vivek'
M       README.md

bhosa@VIVEK-BHOSALE MINGW64 ~/git-course/project/Github (vivek)
$ git add .

bhosa@VIVEK-BHOSALE MINGW64 ~/git-course/project/Github (vivek)
$ git commit -m "Vivek Added Message"
[vivek 97f2664] Vivek Added Message
 1 file changed, 1 insertion(+)

bhosa@VIVEK-BHOSALE MINGW64 ~/git-course/project/Github (vivek)
$ git log
commit 97f26642e372a3a9cf48e7d81730410ad4a312e6 (HEAD -> vivek)
Author: Vivek Bhosale <135112044+bhosalevivek04@users.noreply.github.com>
Date:   Sat Jun 8 11:10:35 2024 +0530

    Vivek Added Message

commit 110a1e3d00cf966e188f807ad2a12613574334cd (origin/main, origin/HEAD, main)
Author: jayshreeram08 <150379208+jayshreeram08@users.noreply.github.com>
Date:   Sat Jun 8 11:01:45 2024 +0530

    Update README.md

commit 06ee3391a75cd60a81f8e446e421a47c0f40ce27
Author: jayshreeram08 <150379208+jayshreeram08@users.noreply.github.com>
Date:   Sat Jun 8 11:01:20 2024 +0530

    Initial commit

bhosa@VIVEK-BHOSALE MINGW64 ~/git-course/project/Github (vivek)
$ git push origin vivek
Enumerating objects: 5, done.
Counting objects: 100% (5/5), done.
Writing objects: 100% (3/3), 293 bytes | 293.00 KiB/s, done.
Total 3 (delta 0), reused 0 (delta 0), pack-reused 0
remote:
remote: Create a pull request for 'vivek' on GitHub by visiting:
remote:      https://github.com/bhosalevivek04/Github/pull/new/vivek
remote:
To https://github.com/bhosalevivek04/Github.git
 * [new branch]      vivek -> vivek

bhosa@VIVEK-BHOSALE MINGW64 ~/git-course/project/Github (vivek)
$ ls
README.md

bhosa@VIVEK-BHOSALE MINGW64 ~/git-course/project/Github (vivek)
$ touch village.txt

bhosa@VIVEK-BHOSALE MINGW64 ~/git-course/project/Github (vivek)
$ vi village.txt

bhosa@VIVEK-BHOSALE MINGW64 ~/git-course/project/Github (vivek)
$ git add .
warning: in the working copy of 'village.txt', LF will be replaced by CRLF the next time Git touches it

bhosa@VIVEK-BHOSALE MINGW64 ~/git-course/project/Github (vivek)
$ git add village.txt

bhosa@VIVEK-BHOSALE MINGW64 ~/git-course/project/Github (vivek)
$ git commit -m "Village name added"
[vivek 5da69cb] Village name added
 1 file changed, 2 insertions(+)
 create mode 100644 village.txt

bhosa@VIVEK-BHOSALE MINGW64 ~/git-course/project/Github (vivek)
$ git push origin vivek
Enumerating objects: 4, done.
Counting objects: 100% (4/4), done.
Delta compression using up to 16 threads
Compressing objects: 100% (2/2), done.
Writing objects: 100% (3/3), 324 bytes | 324.00 KiB/s, done.
Total 3 (delta 0), reused 0 (delta 0), pack-reused 0
To https://github.com/bhosalevivek04/Github.git
   97f2664..5da69cb  vivek -> vivek

bhosa@VIVEK-BHOSALE MINGW64 ~/git-course/project/Github (vivek)
$ git status
On branch vivek
nothing to commit, working tree clean

bhosa@VIVEK-BHOSALE MINGW64 ~/git-course/project/Github (vivek)
$ git log
commit 5da69cb9f894de0203eba7f92fd0a1008ca30598 (HEAD -> vivek, origin/vivek)
Author: Vivek Bhosale <135112044+bhosalevivek04@users.noreply.github.com>
Date:   Sat Jun 8 11:16:39 2024 +0530

    Village name added

commit 97f26642e372a3a9cf48e7d81730410ad4a312e6
Author: Vivek Bhosale <135112044+bhosalevivek04@users.noreply.github.com>
Date:   Sat Jun 8 11:10:35 2024 +0530

    Vivek Added Message

commit 110a1e3d00cf966e188f807ad2a12613574334cd (origin/main, origin/HEAD, main)
Author: jayshreeram08 <150379208+jayshreeram08@users.noreply.github.com>
Date:   Sat Jun 8 11:01:45 2024 +0530

    Update README.md

commit 06ee3391a75cd60a81f8e446e421a47c0f40ce27
Author: jayshreeram08 <150379208+jayshreeram08@users.noreply.github.com>
Date:   Sat Jun 8 11:01:20 2024 +0530

    Initial commit

bhosa@VIVEK-BHOSALE MINGW64 ~/git-course/project/Github (vivek)
$ git reset 97f26642e372a3a9cf48e7d81730410ad4a312e6

bhosa@VIVEK-BHOSALE MINGW64 ~/git-course/project/Github (vivek)
$ git push origin vivek -f
Total 0 (delta 0), reused 0 (delta 0), pack-reused 0
To https://github.com/bhosalevivek04/Github.git
 + 5da69cb...97f2664 vivek -> vivek (forced update)

bhosa@VIVEK-BHOSALE MINGW64 ~/git-course/project/Github (vivek)
$ ls
README.md  village.txt

bhosa@VIVEK-BHOSALE MINGW64 ~/git-course/project/Github (vivek)
$ git status
On branch vivek
Untracked files:
  (use "git add <file>..." to include in what will be committed)
        village.txt

nothing added to commit but untracked files present (use "git add" to track)

bhosa@VIVEK-BHOSALE MINGW64 ~/git-course/project/Github (vivek)
$ git add .
warning: in the working copy of 'village.txt', LF will be replaced by CRLF the next time Git touches it

bhosa@VIVEK-BHOSALE MINGW64 ~/git-course/project/Github (vivek)
$ git commit -m "Village"
[vivek 29fb197] Village
 1 file changed, 2 insertions(+)
 create mode 100644 village.txt

bhosa@VIVEK-BHOSALE MINGW64 ~/git-course/project/Github (vivek)
$ git push orgin vivek
fatal: 'orgin' does not appear to be a git repository
fatal: Could not read from remote repository.

Please make sure you have the correct access rights
and the repository exists.

bhosa@VIVEK-BHOSALE MINGW64 ~/git-course/project/Github (vivek)
$ git push origin vivek
Enumerating objects: 4, done.
Counting objects: 100% (4/4), done.
Delta compression using up to 16 threads
Compressing objects: 100% (2/2), done.
Writing objects: 100% (3/3), 316 bytes | 316.00 KiB/s, done.
Total 3 (delta 0), reused 0 (delta 0), pack-reused 0
To https://github.com/bhosalevivek04/Github.git
   97f2664..29fb197  vivek -> vivek

bhosa@VIVEK-BHOSALE MINGW64 ~/git-course/project/Github (vivek)
$ git log
commit 29fb1977fabe9109a9664f8460cd1fb12999672f (HEAD -> vivek, origin/vivek)
Author: Vivek Bhosale <135112044+bhosalevivek04@users.noreply.github.com>
Date:   Sat Jun 8 11:28:37 2024 +0530

    Village

commit 97f26642e372a3a9cf48e7d81730410ad4a312e6
Author: Vivek Bhosale <135112044+bhosalevivek04@users.noreply.github.com>
Date:   Sat Jun 8 11:10:35 2024 +0530

    Vivek Added Message

commit 110a1e3d00cf966e188f807ad2a12613574334cd (origin/main, origin/HEAD, main)
Author: jayshreeram08 <150379208+jayshreeram08@users.noreply.github.com>
Date:   Sat Jun 8 11:01:45 2024 +0530

    Update README.md

commit 06ee3391a75cd60a81f8e446e421a47c0f40ce27
Author: jayshreeram08 <150379208+jayshreeram08@users.noreply.github.com>
Date:   Sat Jun 8 11:01:20 2024 +0530

    Initial commit

bhosa@VIVEK-BHOSALE MINGW64 ~/git-course/project/Github (vivek)
$ git fetch --all --prune

bhosa@VIVEK-BHOSALE MINGW64 ~/git-course/project/Github (vivek)
$ git reset --hard upstream/main
fatal: ambiguous argument 'upstream/main': unknown revision or path not in the working tree.
Use '--' to separate paths from revisions, like this:
'git <command> [<revision>...] -- [<file>...]'

bhosa@VIVEK-BHOSALE MINGW64 ~/git-course/project/Github (vivek)
$ git log
commit 29fb1977fabe9109a9664f8460cd1fb12999672f (HEAD -> vivek, origin/vivek)
Author: Vivek Bhosale <135112044+bhosalevivek04@users.noreply.github.com>
Date:   Sat Jun 8 11:28:37 2024 +0530

    Village

commit 97f26642e372a3a9cf48e7d81730410ad4a312e6
Author: Vivek Bhosale <135112044+bhosalevivek04@users.noreply.github.com>
Date:   Sat Jun 8 11:10:35 2024 +0530

    Vivek Added Message

commit 110a1e3d00cf966e188f807ad2a12613574334cd (origin/main, origin/HEAD, main)
Author: jayshreeram08 <150379208+jayshreeram08@users.noreply.github.com>
Date:   Sat Jun 8 11:01:45 2024 +0530

    Update README.md

commit 06ee3391a75cd60a81f8e446e421a47c0f40ce27
Author: jayshreeram08 <150379208+jayshreeram08@users.noreply.github.com>
Date:   Sat Jun 8 11:01:20 2024 +0530

    Initial commit

bhosa@VIVEK-BHOSALE MINGW64 ~/git-course/project/Github (vivek)
$ git push origin main
Everything up-to-date

bhosa@VIVEK-BHOSALE MINGW64 ~/git-course/project/Github (vivek)
$ git pull upstream main
fatal: 'upstream' does not appear to be a git repository
fatal: Could not read from remote repository.

Please make sure you have the correct access rights

and the repository exists.

bhosa@VIVEK-BHOSALE MINGW64 ~/git-course/project/Github (vivek)
$ ls
README.md  village.txt

bhosa@VIVEK-BHOSALE MINGW64 ~/git-course/project/Github (vivek)
$ git fetch --all --prune

bhosa@VIVEK-BHOSALE MINGW64 ~/git-course/project/Github (vivek)
$ git fetch -a

bhosa@VIVEK-BHOSALE MINGW64 ~/git-course/project/Github (vivek)
$ git branch temp

bhosa@VIVEK-BHOSALE MINGW64 ~/git-course/project/Github (vivek)
$ git checkout temp
Switched to branch 'temp'

bhosa@VIVEK-BHOSALE MINGW64 ~/git-course/project/Github (temp)
$ git add .;git commit -m "1"
On branch temp
nothing to commit, working tree clean

bhosa@VIVEK-BHOSALE MINGW64 ~/git-course/project/Github (temp)
$ touch 1

bhosa@VIVEK-BHOSALE MINGW64 ~/git-course/project/Github (temp)
$ git add .;git commit -m "1"
[temp 1764a96] 1
 1 file changed, 0 insertions(+), 0 deletions(-)
 create mode 100644 1

bhosa@VIVEK-BHOSALE MINGW64 ~/git-course/project/Github (temp)
$ touch 2

bhosa@VIVEK-BHOSALE MINGW64 ~/git-course/project/Github (temp)
$ git add .;git commit -m ""
Aborting commit due to empty commit message.

bhosa@VIVEK-BHOSALE MINGW64 ~/git-course/project/Github (temp)
$ git log
commit 1764a9601820b04b7ef73e5548cb92f14128ec4f (HEAD -> temp)
Author: Vivek Bhosale <135112044+bhosalevivek04@users.noreply.github.com>
Date:   Sat Jun 8 11:51:04 2024 +0530

    1

commit 29fb1977fabe9109a9664f8460cd1fb12999672f (origin/vivek, vivek)
Author: Vivek Bhosale <135112044+bhosalevivek04@users.noreply.github.com>
Date:   Sat Jun 8 11:28:37 2024 +0530

    Village

commit 97f26642e372a3a9cf48e7d81730410ad4a312e6
Author: Vivek Bhosale <135112044+bhosalevivek04@users.noreply.github.com>
Date:   Sat Jun 8 11:10:35 2024 +0530

    Vivek Added Message

commit 110a1e3d00cf966e188f807ad2a12613574334cd (origin/main, origin/HEAD, main)
Author: jayshreeram08 <150379208+jayshreeram08@users.noreply.github.com>
Date:   Sat Jun 8 11:01:45 2024 +0530

    Update README.md

commit 06ee3391a75cd60a81f8e446e421a47c0f40ce27
Author: jayshreeram08 <150379208+jayshreeram08@users.noreply.github.com>
Date:   Sat Jun 8 11:01:20 2024 +0530

    Initial commit

bhosa@VIVEK-BHOSALE MINGW64 ~/git-course/project/Github (temp)
$ git add .;git commit -m "2"
[temp 5c9c548] 2
 1 file changed, 0 insertions(+), 0 deletions(-)
 create mode 100644 2

bhosa@VIVEK-BHOSALE MINGW64 ~/git-course/project/Github (temp)
$ git log
commit 5c9c5485a281b09b506702042d4fceda24c7a58a (HEAD -> temp)
Author: Vivek Bhosale <135112044+bhosalevivek04@users.noreply.github.com>
Date:   Sat Jun 8 11:53:00 2024 +0530

    2

commit 1764a9601820b04b7ef73e5548cb92f14128ec4f
Author: Vivek Bhosale <135112044+bhosalevivek04@users.noreply.github.com>
Date:   Sat Jun 8 11:51:04 2024 +0530

    1

commit 29fb1977fabe9109a9664f8460cd1fb12999672f (origin/vivek, vivek)
Author: Vivek Bhosale <135112044+bhosalevivek04@users.noreply.github.com>
Date:   Sat Jun 8 11:28:37 2024 +0530

    Village

commit 97f26642e372a3a9cf48e7d81730410ad4a312e6
Author: Vivek Bhosale <135112044+bhosalevivek04@users.noreply.github.com>
Date:   Sat Jun 8 11:10:35 2024 +0530

    Vivek Added Message

commit 110a1e3d00cf966e188f807ad2a12613574334cd (origin/main, origin/HEAD, main)
Author: jayshreeram08 <150379208+jayshreeram08@users.noreply.github.com>
Date:   Sat Jun 8 11:01:45 2024 +0530

    Update README.md

commit 06ee3391a75cd60a81f8e446e421a47c0f40ce27

bhosa@VIVEK-BHOSALE MINGW64 ~/git-course/project/Github (temp)
$ git rebase -i ^C

bhosa@VIVEK-BHOSALE MINGW64 ~/git-course/project/Github (temp)
$ git rebase -i 29fb1977fabe9109a9664f8460cd1fb12999672f
[detached HEAD f1700d0] Commits Merged
 Date: Sat Jun 8 11:51:04 2024 +0530
 2 files changed, 0 insertions(+), 0 deletions(-)
 create mode 100644 1
 create mode 100644 2
Successfully rebased and updated refs/heads/temp.

bhosa@VIVEK-BHOSALE MINGW64 ~/git-course/project/Github (temp)
$ git log
commit f1700d064637e9087e7a433568e048964a887bdb (HEAD -> temp)
Author: Vivek Bhosale <135112044+bhosalevivek04@users.noreply.github.com>
Date:   Sat Jun 8 11:51:04 2024 +0530

    Commits Merged

    1

    2

commit 29fb1977fabe9109a9664f8460cd1fb12999672f (origin/vivek, vivek)
Author: Vivek Bhosale <135112044+bhosalevivek04@users.noreply.github.com>
Date:   Sat Jun 8 11:28:37 2024 +0530

    Village

commit 97f26642e372a3a9cf48e7d81730410ad4a312e6
Author: Vivek Bhosale <135112044+bhosalevivek04@users.noreply.github.com>
Date:   Sat Jun 8 11:10:35 2024 +0530

    Vivek Added Message

commit 110a1e3d00cf966e188f807ad2a12613574334cd (origin/main, origin/HEAD, main)
Author: jayshreeram08 <150379208+jayshreeram08@users.noreply.github.com>
Date:   Sat Jun 8 11:01:45 2024 +0530

    Update README.md

commit 06ee3391a75cd60a81f8e446e421a47c0f40ce27
Author: jayshreeram08 <150379208+jayshreeram08@users.noreply.github.com>
Date:   Sat Jun 8 11:01:20 2024 +0530

bhosa@VIVEK-BHOSALE MINGW64 ~/git-course/project/Github (temp)
$ git reset --hard 29fb1977fabe9109a9664f8460cd1fb12999672f
HEAD is now at 29fb197 Village

bhosa@VIVEK-BHOSALE MINGW64 ~/git-course/project/Github (temp)
$ git log
commit 29fb1977fabe9109a9664f8460cd1fb12999672f (HEAD -> temp, origin/vivek, vivek)
Author: Vivek Bhosale <135112044+bhosalevivek04@users.noreply.github.com>
Date:   Sat Jun 8 11:28:37 2024 +0530

    Village

commit 97f26642e372a3a9cf48e7d81730410ad4a312e6
Author: Vivek Bhosale <135112044+bhosalevivek04@users.noreply.github.com>
Date:   Sat Jun 8 11:10:35 2024 +0530

    Vivek Added Message

commit 110a1e3d00cf966e188f807ad2a12613574334cd (origin/main, origin/HEAD, main)
Author: jayshreeram08 <150379208+jayshreeram08@users.noreply.github.com>
Date:   Sat Jun 8 11:01:45 2024 +0530

    Update README.md

commit 06ee3391a75cd60a81f8e446e421a47c0f40ce27
Author: jayshreeram08 <150379208+jayshreeram08@users.noreply.github.com>
Date:   Sat Jun 8 11:01:20 2024 +0530

    Initial commit